

 ‚õ©Ô∏è ====== STARTING ====== ‚õ©Ô∏è 

Setting up project directory tree...
warn: No version matched your current sozo version. Cloning the latest version instead.

üéâ Successfully created a new ‚õ©Ô∏è Dojo project!

====== SETUP COMPLETE! ======


To start using your new project, try running: `sozo build`
